<?xml version="1.0" encoding="utf-8"?><testsuites name="pytest tests"><testsuite name="pytest" errors="0" failures="0" skipped="0" tests="10" time="1.396" timestamp="2026-05-02T13:39:09.246879+05:30" hostname="ScaDS1"><testcase classname="tests.test_predict" name="test_model_loads_successfully" time="0.001" /><testcase classname="tests.test_predict" name="test_prediction_returns_int" time="0.047" /><testcase classname="tests.test_predict" name="test_confidence_score_between_0_and_1" time="0.036" /><testcase classname="tests.test_predict" name="test_predict_valid_payload" time="0.036" /><testcase classname="tests.test_predict" name="test_predict_missing_field" time="0.003" /><testcase classname="tests.test_predict" name="test_health_endpoint" time="0.003" /><testcase classname="tests.test_predict" name="test_label_fraudulent" time="0.039" /><testcase classname="tests.test_predict" name="test_label_legitimate" time="0.044" /><testcase classname="tests.test_predict" name="test_predict_response_has_timestamp" time="0.037" /><testcase classname="tests.test_predict" name="test_predict_transaction_id_generated" time="0.036" /></testsuite></testsuites>